Information: Propagating switching activity (low effort zero delay simulation). (PWR-6)
Warning: Design has unannotated primary inputs. (PWR-414)
Warning: Design has unannotated sequential cell outputs. (PWR-415)
 
****************************************
Report : power
        -hier
        -analysis_effort low
Design : cpu_isle
Version: S-2021.06-SP5-4
Date   : Mon May 13 01:48:10 2024
****************************************


Library(s) Used:

    saed32rvt_tt0p85v25c (File: /home/users/brionqye/Documents/EE292A/ee292a_lab3/build_32nm/6-synopsys-dc-synthesis/inputs/adk/stdcells.db)
    arc_rams (File: /home/users/brionqye/Documents/EE292A/ee292a_lab3/build_32nm/6-synopsys-dc-synthesis/inputs/arc_rams.db)

Information: The library cell 'fake_dccm' in the library 'arc_rams' is not characterized for internal power. (PWR-227)
Information: The library cell 'fake_iccm' in the library 'arc_rams' is not characterized for internal power. (PWR-227)
Information: The design contains cells, other than constants and black boxes, that are not characterized for internal power. (PWR-228)

Operating Conditions: tt0p85v25c   Library: saed32rvt_tt0p85v25c
Wire Load Model Mode: Inactive.


Global Operating Voltage = 0.85 
Power-specific unit information :
    Voltage Units = 1V
    Capacitance Units = 1.000000ff
    Time Units = 1ns
    Dynamic Power Units = 1uW    (derived from V,C,T units)
    Leakage Power Units = 1pW


--------------------------------------------------------------------------------
                                       Switch   Int      Leak     Total
Hierarchy                              Power    Power    Power    Power    %
--------------------------------------------------------------------------------
cpu_isle                                102.578    0.000 1.34e+09 1.44e+03 100.0
  ijtag_port (cpu_isle_jtag_port_0)       3.609    0.000 7.17e+07   75.263   5.2
    u_hif2bt (cpu_isle_hif2bt_0)          2.154    0.000 4.83e+07   50.425   3.5
      add_x_1 (cpu_isle_hif2bt_DW01_add_J15_0_0) 1.81e-04    0.000 3.72e+06    3.717   0.3
    u_tap_controller (cpu_isle_tap_controller_0)    0.118    0.000 4.59e+06    4.706   0.3
    u_sys_clk_sync (cpu_isle_sys_clk_sync_0)    0.953    0.000 3.00e+06    3.948   0.3
    u_debug_port (cpu_isle_debug_port_0)    0.362    0.000 1.57e+07   16.024   1.1
  iibus_cksyn (cpu_isle_ibus_cksyn_0)     0.769    0.000 2.25e+06    3.021   0.2
    icksyn_main (cpu_isle_ibus_cksyn_main_0)    0.717    0.000 2.03e+06    2.751   0.2
    icksyn_sys (cpu_isle_ibus_cksyn_sys_0) 5.26e-02    0.000 2.17e+05    0.270   0.0
  iarc600 (cpu_isle_arc600_0)            71.694    0.000 1.16e+09 1.23e+03  85.4
    idmp (cpu_isle_dmp_0)                 6.609    0.000 9.86e+07  105.187   7.3
      idccm_control (cpu_isle_dccm_control_0)    3.639    0.000 2.34e+07   27.061   1.9
        U_readsort (cpu_isle_readsort_1)    0.453    0.000 4.34e+06    4.794   0.3
      imem_align_chk (cpu_isle_mem_align_chk_0) 2.43e-03    0.000 3.48e+05    0.351   0.0
      idebug_access (cpu_isle_debug_access_0)    1.099    0.000 1.03e+07   11.380   0.8
      idecoder (cpu_isle_decoder_0)    2.98e-02    0.000 7.47e+05    0.777   0.1
      ild_arb (cpu_isle_ld_arb_0)         0.253    0.000 2.99e+06    3.243   0.2
      ildst_queue (cpu_isle_ldst_queue_0)    1.586    0.000 6.08e+07   62.375   4.3
        U_readsort (cpu_isle_readsort_0) 4.51e-03    0.000 4.34e+06    4.345   0.3
    iquarc (cpu_isle_quarc_0)            65.085    0.000 1.06e+09 1.13e+03  78.1
      idebug_exts (cpu_isle_debug_exts_0)    3.296    0.000 1.14e+08  117.775   8.2
        U_actionpoints (cpu_isle_actionpoints_0)    3.296    0.000 1.14e+08  117.775   8.2
          U_ap_compare1 (cpu_isle_ap_compare_1)    0.650    0.000 2.66e+07   27.200   1.9
          U_ap_compare0 (cpu_isle_ap_compare_0)    0.662    0.000 2.77e+07   28.363   2.0
      iauxiliary (cpu_isle_auxiliary_0)   12.753    0.000 1.17e+08  130.167   9.0
        itimer0 (cpu_isle_timer0_0)       8.932    0.000 2.46e+07   33.566   2.3
          add_x_1 (cpu_isle_timer0_DW01_inc_J12_0_0) 6.03e-02    0.000 3.56e+06    3.618   0.3
        ihostif (cpu_isle_hostif_0)       1.863    0.000 1.68e+07   18.631   1.3
        ixaux_regs (cpu_isle_xaux_regs_0)    0.578    0.000 4.32e+07   43.808   3.0
        iaux_regs (cpu_isle_aux_regs_0)    1.184    0.000 3.18e+07   33.020   2.3
          U_debug (cpu_isle_debug_0)      0.137    0.000 1.82e+06    1.959   0.1
          U_flags (cpu_isle_flags_0)      0.960    0.000 1.66e+07   17.579   1.2
      iregisters (cpu_isle_registers_0)   18.160    0.000 3.28e+08  346.088  24.0
        iif_sys (cpu_isle_if_sys_0)       6.169    0.000 3.69e+07   43.106   3.0
          iiccm_control (cpu_isle_iccm_control_0)    6.169    0.000 3.69e+07   43.106   3.0
        iinst_align (cpu_isle_inst_align_0)    2.688    0.000 9.08e+06   11.770   0.8
        ixcoreregs (cpu_isle_xcoreregs_0) 2.59e-03    0.000 6.95e+06    6.955   0.5
        icoreregs (cpu_isle_coreregs_0)    7.665    0.000 2.71e+08  278.259  19.3
          iregfile_3p_wrap (cpu_isle_regfile_3p_wrap_0)    1.771    0.000 1.38e+08  140.094   9.7
            U_regfile_3p (cpu_isle_regfile_3p_0)    1.339    0.000 1.34e+08  134.874   9.4
          isync_regs (cpu_isle_sync_regs_0)    1.893    0.000 1.78e+07   19.695   1.4
          iloopcnt (cpu_isle_loopcnt_0)    0.687    0.000 2.83e+07   28.982   2.0
            DP_OP_13J18_122_8061 (cpu_isle_loopcnt_DP_OP_13J18_122_8061_J18_0_0) 3.25e-02    0.000 5.69e+06    5.724   0.4
            DP_OP_14J18_123_8061 (cpu_isle_loopcnt_DP_OP_14J18_123_8061_J18_0_0) 4.91e-02    0.000 5.17e+06    5.221   0.4
            U_dec32 (cpu_isle_dec32_0) 3.97e-04    0.000 1.08e+06    1.082   0.1
          icr_int (cpu_isle_cr_int_0)     3.290    0.000 8.60e+07   89.246   6.2
      ialu (cpu_isle_alu_0)               4.221    0.000 2.06e+08  210.304  14.6
        ixalu (cpu_isle_xalu_0)           1.709    0.000 1.38e+08  139.690   9.7
          add_x_55 (cpu_isle_xalu_DW01_add_J8_1_0) 1.40e-03    0.000 5.47e+06    5.470   0.4
          add_x_56 (cpu_isle_xalu_DW01_add_J8_0_0) 1.71e-04    0.000 5.69e+06    5.686   0.4
          u_mul32x5 (cpu_isle_mult32x5cs_0) 8.06e-03    0.000 2.79e+07   27.898   1.9
        ibigalu (cpu_isle_bigalu_0)       2.494    0.000 6.80e+07   70.524   4.9
          U_adder (cpu_isle_adder_0)      0.267    0.000 7.89e+06    8.153   0.6
            DP_OP_7J12_122_4863 (cpu_isle_adder_DP_OP_7J12_122_4863_J12_0_0)    0.135    0.000 6.40e+06    6.539   0.5
      icontrol (cpu_isle_control_0)      25.542    0.000 2.88e+08  313.624  21.8
        ipcounter (cpu_isle_pcounter_0)    6.789    0.000 7.17e+07   78.528   5.5
          add_x_1 (cpu_isle_pcounter_DW01_add_J9_0_0)    0.677    0.000 3.46e+06    4.135   0.3
          add_x_19 (cpu_isle_pcounter_DW01_inc_J9_0_0) 5.05e-02    0.000 2.30e+06    2.346   0.2
        ick_ctrl (cpu_isle_ck_ctrl_0)     0.268    0.000 2.36e+06    2.629   0.2
        ilsu (cpu_isle_lsu_0)             0.708    0.000 1.41e+07   14.821   1.0
          U_scoreboard (cpu_isle_scorebd_0)    0.580    0.000 1.40e+07   14.568   1.0
            U_scorfifo (cpu_isle_scorfifo_0)    0.518    0.000 1.31e+07   13.609   0.9
              U_scoritem3 (cpu_isle_scoritem_1)    0.167    0.000 4.64e+06    4.811   0.3
              U_scoritem0 (cpu_isle_scoritem_0)    0.328    0.000 5.18e+06    5.510   0.4
        iint_unit (cpu_isle_int_unit_0)    2.595    0.000 4.69e+07   49.510   3.4
        ixrctl (cpu_isle_xrctl_0)         0.524    0.000 1.06e+07   11.078   0.8
        irctl (cpu_isle_rctl_0)          14.345    0.000 1.42e+08  156.382  10.9
      iuserextensions (cpu_isle_userextensions_0) 4.86e-02    0.000 2.63e+06    2.677   0.2
        ieia_common (cpu_isle_eia_common_0) 4.86e-02    0.000 2.63e+06    2.677   0.2
  iibus (cpu_isle_ibus_0)                 3.592    0.000 9.84e+07  101.973   7.1
    ibus_dcbri_ahb (cpu_isle_ibus_cbri_ahb_C_DATA_WIDTH32_FIFO_DEPTH1_FIFO_PTR_WIDTH1_EXT_A_MSB23_0)    3.505    0.000 8.81e+07   91.634   6.4
    iiarb (cpu_isle_ibus_iarb_ADDR_WIDTH24_DATA_WIDTH32_BE_WIDTH4_FIFO_DEPTH4_0) 8.17e-02    0.000 1.01e+07   10.145   0.7
  ick_gen (cpu_isle_ck_gen_0)            18.985    0.000 7.58e+05   19.743   1.4
  iio_flops (cpu_isle_io_flops_0)         0.832    0.000 3.69e+06    4.527   0.3
  iarc_ram (cpu_isle_arc_ram_0)           3.023    0.000 9.11e+05    3.934   0.3
    iiccm_ram (cpu_isle_iccm_ram_0)       1.975    0.000 4.55e+05    2.431   0.2
    idccm_ram (cpu_isle_dccm_ram_0)       1.048    0.000 4.55e+05    1.503   0.1
1
