 
****************************************
Report : clock_gating
        -nosplit
Design : cpu_isle
Version: S-2021.06-SP5-4
Date   : Mon May 13 01:48:10 2024
****************************************

Information: Identification of clock-gating cells has not been performed. Pre-existing clock-gating cells will not be reported. (PWR-947)


                             Clock Gating Summary
          ------------------------------------------------------------
          |    Number of Clock gating elements    |       99         |
          |                                       |                  |
          |    Number of Gated registers          |  2354 (86.26%)   |
          |                                       |                  |
          |    Number of Ungated registers        |   375 (13.74%)   |
          |                                       |                  |
          |    Total number of registers          |     2729         |
          ------------------------------------------------------------



                             Clock Gating Report by Origin
          +-------------------------------------------------+------------------+
          |                                                 |    Actual (%)    |
          |                                                 |    Count         |
          +-------------------------------------------------+------------------+
          |  Number of tool-inserted clock gating elements  |    99 (100.00%)  |
          |                                                 |                  |
          |  Number of pre-existing clock gating elements   |     0 (0.00%)    |
          |                                                 |                  |
          |  Number of gated registers                      |  2354 (86.26%)   |
          |                                                 |                  |
          |  Number of tool-inserted gated registers        |  2354 (86.26%)   |
          |                                                 |                  |
          |  Number of pre-existing gated registers         |     0 (0.00%)    |
          |                                                 |                  |
          |  Number of ungated registers                    |   375 (13.74%)   |
          |                                                 |                  |
          |  Number of registers                            |     2729         |
          +-------------------------------------------------+------------------+



1
