Information: Propagating switching activity (low effort zero delay simulation). (PWR-6)
Warning: Design has unannotated primary inputs. (PWR-414)
Warning: Design has unannotated sequential cell outputs. (PWR-415)
Warning: Design has unannotated black box outputs. (PWR-428)
 
****************************************
Report : power
        -hier
        -analysis_effort low
Design : cpu_isle
Version: S-2021.06-SP5-4
Date   : Tue Apr 30 12:43:08 2024
****************************************


Library(s) Used:

    sky130_fd_sc_hd__tt_025C_1v80 (File: /home/users/brionqye/Documents/EE292A/ee292a_lab2/TT_gc_ao/build_gcT_aoT_fe3/6-synopsys-dc-synthesis/inputs/adk/stdcells.db)
    arc_rams (File: /home/users/brionqye/Documents/EE292A/ee292a_lab2/TT_gc_ao/build_gcT_aoT_fe3/6-synopsys-dc-synthesis/inputs/arc_rams.db)

Information: The library cell 'fake_dccm' in the library 'arc_rams' is not characterized for internal power. (PWR-227)
Information: The library cell 'fake_iccm' in the library 'arc_rams' is not characterized for internal power. (PWR-227)
Information: The design contains cells, other than constants and black boxes, that are not characterized for internal power. (PWR-228)

Operating Conditions: tt_025C_1v80   Library: sky130_fd_sc_hd__tt_025C_1v80
Wire Load Model Mode: Inactive.


Global Operating Voltage = 1.8  
Power-specific unit information :
    Voltage Units = 1V
    Capacitance Units = 1.000000pf
    Time Units = 1ns
    Dynamic Power Units = 1mW    (derived from V,C,T units)
    Leakage Power Units = 1nW


--------------------------------------------------------------------------------
                                       Switch   Int      Leak     Total
Hierarchy                              Power    Power    Power    Power    %
--------------------------------------------------------------------------------
cpu_isle                                  1.238    3.498   65.615    4.737 100.0
  iibus (cpu_isle_ibus_0)              2.30e-02    0.118    5.548    0.141   3.0
  iio_flops (cpu_isle_io_flops_0)      1.40e-02    0.173    0.352    0.187   4.0
1
